// Jest Snapshot v1, https://goo.gl/fbAQLP

exports[`Price Component renders properly 1`] = `ShallowWrapper {}`;
