// Jest Snapshot v1, https://goo.gl/fbAQLP

exports[`Authorisation Footer component renders properly 1`] = `ShallowWrapper {}`;
