// Jest Snapshot v1, https://goo.gl/fbAQLP

exports[`authorisation component renders properly 1`] = `ShallowWrapper {}`;
