// Jest Snapshot v1, https://goo.gl/fbAQLP

exports[`Auth Form component renders properly 1`] = `ShallowWrapper {}`;
