// Jest Snapshot v1, https://goo.gl/fbAQLP

exports[`Use current location ccomponent renders properly 1`] = `
Object {
  "asFragment": [Function],
  "baseElement": <body>
    <div>
      <div
        class="suggestion-geo-group input-group"
        role="link"
        tabindex="0"
      >
        <div
          class="input-group-prepend"
        >
          <span
            class="input-group-text location-arrow spinner-loading"
          >
            <svg
              class="css-3n0dwa e13fwc0q0"
              height="18"
              viewBox="0 0 18 18"
              width="18"
            >
              <defs>
                <path
                  d="M20 28h9v9l9-18z"
                  id="icon-current-location_svg__a"
                />
              </defs>
              <use
                fill="#9c1c26"
                fill-rule="evenodd"
                transform="translate(-20 -19)"
                xlink:href="#icon-current-location_svg__a"
              />
            </svg>
          </span>
        </div>
        <h4
          class="suggestion text-center d-block"
        >
          Use current location
        </h4>
      </div>
    </div>
  </body>,
  "container": <div>
    <div
      class="suggestion-geo-group input-group"
      role="link"
      tabindex="0"
    >
      <div
        class="input-group-prepend"
      >
        <span
          class="input-group-text location-arrow spinner-loading"
        >
          <svg
            class="css-3n0dwa e13fwc0q0"
            height="18"
            viewBox="0 0 18 18"
            width="18"
          >
            <defs>
              <path
                d="M20 28h9v9l9-18z"
                id="icon-current-location_svg__a"
              />
            </defs>
            <use
              fill="#9c1c26"
              fill-rule="evenodd"
              transform="translate(-20 -19)"
              xlink:href="#icon-current-location_svg__a"
            />
          </svg>
        </span>
      </div>
      <h4
        class="suggestion text-center d-block"
      >
        Use current location
      </h4>
    </div>
  </div>,
  "debug": [Function],
  "findAllByAltText": [Function],
  "findAllByDisplayValue": [Function],
  "findAllByLabelText": [Function],
  "findAllByPlaceholderText": [Function],
  "findAllByRole": [Function],
  "findAllByTestId": [Function],
  "findAllByText": [Function],
  "findAllByTitle": [Function],
  "findByAltText": [Function],
  "findByDisplayValue": [Function],
  "findByLabelText": [Function],
  "findByPlaceholderText": [Function],
  "findByRole": [Function],
  "findByTestId": [Function],
  "findByText": [Function],
  "findByTitle": [Function],
  "getAllByAltText": [Function],
  "getAllByDisplayValue": [Function],
  "getAllByLabelText": [Function],
  "getAllByPlaceholderText": [Function],
  "getAllByRole": [Function],
  "getAllBySelectText": [Function],
  "getAllByTestId": [Function],
  "getAllByText": [Function],
  "getAllByTitle": [Function],
  "getAllByValue": [Function],
  "getByAltText": [Function],
  "getByDisplayValue": [Function],
  "getByLabelText": [Function],
  "getByPlaceholderText": [Function],
  "getByRole": [Function],
  "getBySelectText": [Function],
  "getByTestId": [Function],
  "getByText": [Function],
  "getByTitle": [Function],
  "getByValue": [Function],
  "queryAllByAltText": [Function],
  "queryAllByDisplayValue": [Function],
  "queryAllByLabelText": [Function],
  "queryAllByPlaceholderText": [Function],
  "queryAllByRole": [Function],
  "queryAllBySelectText": [Function],
  "queryAllByTestId": [Function],
  "queryAllByText": [Function],
  "queryAllByTitle": [Function],
  "queryAllByValue": [Function],
  "queryByAltText": [Function],
  "queryByDisplayValue": [Function],
  "queryByLabelText": [Function],
  "queryByPlaceholderText": [Function],
  "queryByRole": [Function],
  "queryBySelectText": [Function],
  "queryByTestId": [Function],
  "queryByText": [Function],
  "queryByTitle": [Function],
  "queryByValue": [Function],
  "rerender": [Function],
  "unmount": [Function],
}
`;
