// Jest Snapshot v1, https://goo.gl/fbAQLP

exports[`Input Field renders properly 1`] = `ShallowWrapper {}`;
