// Jest Snapshot v1, https://goo.gl/fbAQLP

exports[`Button Group component renders properly 1`] = `ShallowWrapper {}`;
