// Jest Snapshot v1, https://goo.gl/fbAQLP

exports[`BukkasToExploreSection component renders properly 1`] = `ShallowWrapper {}`;
