// Jest Snapshot v1, https://goo.gl/fbAQLP

exports[`IntroSection FeedPage component renders properly 1`] = `ShallowWrapper {}`;
