// Jest Snapshot v1, https://goo.gl/fbAQLP

exports[`Home Component renders properly 1`] = `ShallowWrapper {}`;
