// Jest Snapshot v1, https://goo.gl/fbAQLP

exports[`Ready to order section component renders properly 1`] = `ShallowWrapper {}`;
