// Jest Snapshot v1, https://goo.gl/fbAQLP

exports[`AuthButton component renders properly 1`] = `ReactWrapper {}`;
