// Jest Snapshot v1, https://goo.gl/fbAQLP

exports[`AuthResetForm component renders properly 1`] = `ShallowWrapper {}`;
