// Jest Snapshot v1, https://goo.gl/fbAQLP

exports[`Create Account component renders properly 1`] = `ReactWrapper {}`;
