// Jest Snapshot v1, https://goo.gl/fbAQLP

exports[`Input field component renders properly 1`] = `ShallowWrapper {}`;
