// Jest Snapshot v1, https://goo.gl/fbAQLP

exports[`Go To Login component renders properly 1`] = `ReactWrapper {}`;
