// Jest Snapshot v1, https://goo.gl/fbAQLP

exports[`Perform Reset Pass component renders properly 1`] = `ReactWrapper {}`;
