// Jest Snapshot v1, https://goo.gl/fbAQLP

exports[`Reset Password component renders properly 1`] = `ReactWrapper {}`;
