// Jest Snapshot v1, https://goo.gl/fbAQLP

exports[`RetrieveSection component renders properly 1`] = `ReactWrapper {}`;
