// Jest Snapshot v1, https://goo.gl/fbAQLP

exports[`TokenErrorFeedback component renders properly 1`] = `ShallowWrapper {}`;
