// Jest Snapshot v1, https://goo.gl/fbAQLP

exports[`Bukka Nav Small Screen renders properly 1`] = `ReactWrapper {}`;
