// Jest Snapshot v1, https://goo.gl/fbAQLP

exports[`Bukka Authenticated Nav renders properly 1`] = `ShallowWrapper {}`;
