// Jest Snapshot v1, https://goo.gl/fbAQLP

exports[`Navbar Index container renders properly 1`] = `ShallowWrapper {}`;
