// Jest Snapshot v1, https://goo.gl/fbAQLP

exports[`Navlink component renders properly 1`] = `ShallowWrapper {}`;
